Title: 3D truss frame
        (16:33:45 on July 11, 2026, Saturday)

C O N T R O L   I N F O R M A T I O N

  DIMENSION = 3
  NUMNP     = 13
  NUMEG     = 1

     1     0     0     0 -12.521.6506     0
     2     0     0     0   -25     0     0
     3     0     0     0 -12.5-21.6506     0
     4     1     1     1     0   -50-6.216
     5     0     0     0  12.5-21.6506     0
     6     0     0     0     0     0 8.216
     7     0     0     0  12.521.6506     0
     8     0     0     0    25     0     0
     9     1     1     1-43.3013   -25-6.216
    10     1     1     1     0    50-6.216
    11     1     1     1-43.3013    25-6.216
    12     1     1     143.3013    25-6.216
    13     1     1     143.3013   -25-6.216

 EQUATION NUMBERS

   NODE   Degrees of freedom
     N     X    Y    Z
        1            1     2     3
        2            4     5     6
        3            7     8     9
        4            0     0     0
        5           10    11    12
        6           13    14    15
        7           16    17    18
        8           19    20    21
        9            0     0     0
       10            0     0     0
       11            0     0     0
       12            0     0     0
       13            0     0     0

 E L E M E N T   G R O U P   D A T A


 E L E M E N T   D E F I N I T I O N

   ELEMENT TYPE  = 2
   NUME          = 24
   NUMMAT        = 1

 M A T E R I A L   D E F I N I T I O N
    1     0210000     6

 E L E M E N T   I N F O R M A T I O N
    1     1     2     1
    2     2     3     1
    3     4     3     1
    4     5     4     1
    5     6     5     1
    6     6     1     1
    7     7     1     1
    8     8     7     1
    9     5     8     1
   10     3     5     1
   11     9     2     1
   12     3     9     1
   13     6     3     1
   14     6     2     1
   15     1    10     1
   16    11     1     1
   17     2    11     1
   18    10     7     1
   19    12     8     1
   20     7    12     1
   21    13     5     1
   22     8    13     1
   23     6     8     1
   24     6     7     1

 N O D A L   F O R C E S

  NODE              FX                FY                FZ
     1             0     0     0
     2             0     0     0
     3             0     0     0
     4             0     0     0
     5             0     0     0
     6             0     0  -100
     7             0     0     0
     8             0     0     0
     9             0     0     0
    10             0     0     0
    11             0     0     0
    12             0     0     0
    13             0     0     0


TOTAL SYSTEM DATA
  NEQ = 21
  NWK = 177
  MK  = 18
 D I S P L A C E M E N T S

  NODE      X-DISPLACEMENT    Y-DISPLACEMENT    Z-DISPLACEMENT
     1        -1.63068e-052.82441e-05-0.00530527
     2        -3.2614e-059.75782e-19-0.00530526
     3        -1.63068e-05-2.82441e-05-0.00530527
     4             0     0     0
     5        1.63068e-05-2.82441e-05-0.00530527
     6        -2.1684e-19     0-0.0089755
     7        1.63068e-052.82441e-05-0.00530527
     8        3.2614e-05-1.28769e-18-0.00530526
     9             0     0     0
    10             0     0     0
    11             0     0     0
    12             0     0     0
    13             0     0     0

 STRESSES FOR ELEMENT GROUP 0

               1         1.64373        0.273955
               2         1.64373        0.273955
               3        -42.3641        -7.06068
               4        -42.3641        -7.06068
               5        -53.3825        -8.89709
               6        -53.3825        -8.89709
               7         1.64372        0.273954
               8         1.64373        0.273955
               9         1.64373        0.273955
              10         1.64372        0.273954
              11        -42.3641        -7.06069
              12        -42.3641        -7.06069
              13        -53.3825        -8.89709
              14        -53.3825        -8.89709
              15        -42.3641        -7.06068
              16        -42.3641        -7.06069
              17        -42.3641        -7.06069
              18        -42.3641        -7.06068
              19        -42.3641        -7.06069
              20        -42.3641        -7.06069
              21        -42.3641        -7.06069
              22        -42.3641        -7.06069
              23        -53.3825        -8.89709
              24        -53.3825        -8.89709

BCForce

 NODE    X-BCForce    Y-BCForce    Z-BCForce
     1             0     0     0
     2             0     0     0
     3             0     0     0
     4        4.9738e-1476.011816.6667
     5             0     0     0
     6             0     0     0
     7             0     0     0
     8             0     0     0
     9        65.828238.005916.6667
    10        9.23706e-14-76.011816.6667
    11        65.8282-38.005916.6667
    12        -65.8282-38.005916.6667
    13        -65.828238.005916.6667

